// Jest Snapshot v1, https://goo.gl/fbAQLP

exports[`Test View recipe component views all recipes has a valid snapshot 1`] = `undefined`;
